// Jest Snapshot v1, https://goo.gl/fbAQLP

exports[`RecipeList renders correctly 1`] = `
<table
  className="table"
>
  <tbody>
    <tr>
      <td>
         
      </td>
      <td>
        <a
          href="/recipe/tacos"
          onClick={[Function]}
        >
          tacos
        </a>
      </td>
      <td>
        Tasty homemade tacos - hard or soft
      </td>
      <td>
        other
      </td>
      <td>
        <input
          className="btn btn-link delete-recipe"
          onClick={[Function]}
          type="button"
          value="delete"
        />
      </td>
    </tr>
    <tr>
      <td>
         
      </td>
      <td>
        <a
          href="/recipe/quiche"
          onClick={[Function]}
        >
          quiche
        </a>
      </td>
      <td>
        Delicious Spinach Quiche and Ham & Cauliflower quiche
      </td>
      <td>
        other
      </td>
      <td>
        <input
          className="btn btn-link delete-recipe"
          onClick={[Function]}
          type="button"
          value="delete"
        />
      </td>
    </tr>
  </tbody>
</table>
`;
