// Jest Snapshot v1, https://goo.gl/fbAQLP

exports[`RecipesPage renders correctly 1`] = `
<Fragment>
  <Connect(Header) />
  <article
    className="py-2"
  >
    <div
      className="jumbotron"
    >
      <div
        className="recipes-header"
      >
        <h2>
          recipes
        </h2>
        <hr />
      </div>
      <RecipeSearchView
        onChange={[Function]}
        searchValue=""
      />
      <button
        className="btn btn-link ml-3"
        onClick={[Function]}
        type="button"
      >
        add
      </button>
      <RecipeList
        deleteRecipe={[Function]}
        recipes={
          Array [
            Object {
              "category": "other",
              "description": "Tasty homemade tacos - hard or soft",
              "id": "tacos",
              "ingredients": Array [
                "cheese",
                "ground beef",
                "tortilla",
              ],
              "title": "tacos",
            },
            Object {
              "category": "other",
              "description": "Delicious Spinach Quiche and Ham & Cauliflower quiche",
              "id": "quiche",
              "ingredients": Array [
                "cheese",
                "pie-crust",
                "egg",
              ],
              "title": "quiche",
            },
          ]
        }
        showDelete={true}
      />
    </div>
  </article>
</Fragment>
`;
