// Jest Snapshot v1, https://goo.gl/fbAQLP

exports[`RecipesPage renders correctly 1`] = `
<article
  className="py-2"
>
  <div
    className="jumbotron"
  >
    <header
      className="row"
    >
      <div
        className="col"
      >
        <h2>
          recipes
        </h2>
      </div>
      <div
        className="col"
      >
        <h2
          className="float-right"
        >
          <button
            className="btn btn-link ml-3"
            onClick={[Function]}
            type="button"
          >
            add
          </button>
        </h2>
      </div>
    </header>
    <div
      className="row"
    >
      <div
        className="col-12 my-4"
      >
        <input
          className="form-control"
          name="searchRecipe"
          onChange={[Function]}
          placeholder="Search Recipes"
          type="text"
          value=""
        />
      </div>
    </div>
    <table
      className="table"
    >
      <tbody>
        <tr>
          <td>
             
          </td>
          <td>
            <a
              href="/recipe/quiche"
              onClick={[Function]}
            >
              quiche
            </a>
          </td>
          <td>
            Delicious Spinach Quiche and Ham & Cauliflower quiche
          </td>
          <td>
            other
          </td>
          <td>
            <input
              className="btn btn-link delete-recipe"
              onClick={[Function]}
              type="button"
              value="delete"
            />
          </td>
        </tr>
        <tr>
          <td>
             
          </td>
          <td>
            <a
              href="/recipe/tacos"
              onClick={[Function]}
            >
              tacos
            </a>
          </td>
          <td>
            Tasty homemade tacos - hard or soft
          </td>
          <td>
            other
          </td>
          <td>
            <input
              className="btn btn-link delete-recipe"
              onClick={[Function]}
              type="button"
              value="delete"
            />
          </td>
        </tr>
      </tbody>
    </table>
  </div>
</article>
`;
