// Jest Snapshot v1, https://goo.gl/fbAQLP

exports[`RecipeListRow renders correctly 1`] = `
<tr>
  <td>
    <Link
      to="recipe/tacos"
    >
      tacos
    </Link>
  </td>
  <td
    className="recipe-description"
  >
    Tasty homemade tacos - hard or soft
  </td>
  <td>
    other
  </td>
  <td>
    <input
      className="btn btn-link delete-recipe"
      onClick={[Function]}
      type="button"
      value="delete"
    />
  </td>
</tr>
`;
